Archive member included to satisfy reference by file (symbol)

/usr/lib/gcc/avr/16.1.0/../../../../avr/lib/avr5/libm.a(divsf3.o)
                              build/default/production/rx_trama/rx_trama.o (__divsf3)
/usr/lib/gcc/avr/16.1.0/../../../../avr/lib/avr5/libm.a(divsf3x.o)
                              /usr/lib/gcc/avr/16.1.0/../../../../avr/lib/avr5/libm.a(divsf3.o) (__divsf3x)
/usr/lib/gcc/avr/16.1.0/../../../../avr/lib/avr5/libm.a(fixsfsi.o)
                              build/default/production/rx_trama/rx_trama.o (__fixsfsi)
/usr/lib/gcc/avr/16.1.0/../../../../avr/lib/avr5/libm.a(fixunssfsi.o)
                              /usr/lib/gcc/avr/16.1.0/../../../../avr/lib/avr5/libm.a(fixsfsi.o) (__fixunssfsi)
/usr/lib/gcc/avr/16.1.0/../../../../avr/lib/avr5/libm.a(floatsisf.o)
                              build/default/production/rx_trama/rx_trama.o (__floatunsisf)
/usr/lib/gcc/avr/16.1.0/../../../../avr/lib/avr5/libm.a(fp_inf.o)
                              /usr/lib/gcc/avr/16.1.0/../../../../avr/lib/avr5/libm.a(divsf3x.o) (__fp_inf)
/usr/lib/gcc/avr/16.1.0/../../../../avr/lib/avr5/libm.a(fp_nan.o)
                              /usr/lib/gcc/avr/16.1.0/../../../../avr/lib/avr5/libm.a(divsf3x.o) (__fp_nan)
/usr/lib/gcc/avr/16.1.0/../../../../avr/lib/avr5/libm.a(fp_pscA.o)
                              /usr/lib/gcc/avr/16.1.0/../../../../avr/lib/avr5/libm.a(divsf3x.o) (__fp_pscA)
/usr/lib/gcc/avr/16.1.0/../../../../avr/lib/avr5/libm.a(fp_pscB.o)
                              /usr/lib/gcc/avr/16.1.0/../../../../avr/lib/avr5/libm.a(divsf3x.o) (__fp_pscB)
/usr/lib/gcc/avr/16.1.0/../../../../avr/lib/avr5/libm.a(fp_round.o)
                              /usr/lib/gcc/avr/16.1.0/../../../../avr/lib/avr5/libm.a(divsf3.o) (__fp_round)
/usr/lib/gcc/avr/16.1.0/../../../../avr/lib/avr5/libm.a(fp_split3.o)
                              /usr/lib/gcc/avr/16.1.0/../../../../avr/lib/avr5/libm.a(divsf3x.o) (__fp_split3)
/usr/lib/gcc/avr/16.1.0/../../../../avr/lib/avr5/libm.a(fp_zero.o)
                              /usr/lib/gcc/avr/16.1.0/../../../../avr/lib/avr5/libm.a(fixunssfsi.o) (__fp_zero)
/usr/lib/gcc/avr/16.1.0/../../../../avr/lib/avr5/libm.a(mulsf3.o)
                              build/default/production/main.o (__mulsf3)
/usr/lib/gcc/avr/16.1.0/../../../../avr/lib/avr5/libm.a(mulsf3x.o)
                              /usr/lib/gcc/avr/16.1.0/../../../../avr/lib/avr5/libm.a(mulsf3.o) (__mulsf3x)
/usr/lib/gcc/avr/16.1.0/avr5/libgcc.a(_divmodsi4.o)
                              build/default/production/main.o (__divmodsi4)
/usr/lib/gcc/avr/16.1.0/avr5/libgcc.a(_negsi2.o)
                              /usr/lib/gcc/avr/16.1.0/../../../../avr/lib/avr5/libm.a(fixunssfsi.o) (__negsi2)
/usr/lib/gcc/avr/16.1.0/avr5/libgcc.a(_exit.o)
                              /home/jcaf/.mchp_packs/Microchip/ATmega_DFP/3.5.296/gcc/dev/atmega328p/avr5/crtatmega328p.o (exit)
/usr/lib/gcc/avr/16.1.0/avr5/libgcc.a(_tablejump2.o)
                              build/default/production/rx_trama/rx_trama.o (__tablejump2__)
/usr/lib/gcc/avr/16.1.0/avr5/libgcc.a(_copy_data.o)
                              build/default/production/rx_trama/rx_trama.o (__do_copy_data)
/usr/lib/gcc/avr/16.1.0/avr5/libgcc.a(_clear_bss.o)
                              build/default/production/indicator/indicator.o (__do_clear_bss)
/usr/lib/gcc/avr/16.1.0/avr5/libgcc.a(_udivmodsi4.o)
                              /usr/lib/gcc/avr/16.1.0/avr5/libgcc.a(_divmodsi4.o) (__udivmodsi4)
/usr/lib/gcc/avr/16.1.0/../../../../avr/lib/avr5/libc.a(ftostrf.o)
                              build/default/production/main.o (dtostrf)
/usr/lib/gcc/avr/16.1.0/../../../../avr/lib/avr5/libc.a(strtof.o)
                              build/default/production/rx_trama/rx_trama.o (strtod)
/usr/lib/gcc/avr/16.1.0/../../../../avr/lib/avr5/libc.a(atoi.o)
                              build/default/production/rx_trama/rx_trama.o (atoi)
/usr/lib/gcc/avr/16.1.0/../../../../avr/lib/avr5/libc.a(isspace.o)
                              /usr/lib/gcc/avr/16.1.0/../../../../avr/lib/avr5/libc.a(strtof.o) (isspace)
/usr/lib/gcc/avr/16.1.0/../../../../avr/lib/avr5/libc.a(strncasecmp_P.o)
                              /usr/lib/gcc/avr/16.1.0/../../../../avr/lib/avr5/libc.a(strtof.o) (strncasecmp_P)
/usr/lib/gcc/avr/16.1.0/../../../../avr/lib/avr5/libc.a(strcat.o)
                              build/default/production/main.o (strcat)
/usr/lib/gcc/avr/16.1.0/../../../../avr/lib/avr5/libc.a(strlen.o)
                              build/default/production/rx_trama/rx_trama.o (strlen)
/usr/lib/gcc/avr/16.1.0/../../../../avr/lib/avr5/libc.a(itoa_ncheck.o)
                              build/default/production/main.o (__itoa_ncheck)
/usr/lib/gcc/avr/16.1.0/../../../../avr/lib/avr5/libc.a(mulsi10.o)
                              /usr/lib/gcc/avr/16.1.0/../../../../avr/lib/avr5/libc.a(strtof.o) (__mulsi_const_10)
/usr/lib/gcc/avr/16.1.0/../../../../avr/lib/avr5/libc.a(mul10.o)
                              /usr/lib/gcc/avr/16.1.0/../../../../avr/lib/avr5/libc.a(strtof.o) (__mulhi_const_10)
/usr/lib/gcc/avr/16.1.0/../../../../avr/lib/avr5/libc.a(utoa_ncheck.o)
                              /usr/lib/gcc/avr/16.1.0/../../../../avr/lib/avr5/libc.a(itoa_ncheck.o) (__utoa_common)
/usr/lib/gcc/avr/16.1.0/../../../../avr/lib/avr5/libc.a(pwr_10.o)
                              /usr/lib/gcc/avr/16.1.0/../../../../avr/lib/avr5/libc.a(strtof.o) (__avrlibc_pwr_m10)
/usr/lib/gcc/avr/16.1.0/../../../../avr/lib/avr5/libc.a(errno.o)
                              /usr/lib/gcc/avr/16.1.0/../../../../avr/lib/avr5/libc.a(strtof.o) (errno)
/usr/lib/gcc/avr/16.1.0/../../../../avr/lib/avr5/libc.a(ftoa_prf.o)
                              /usr/lib/gcc/avr/16.1.0/../../../../avr/lib/avr5/libc.a(ftostrf.o) (ftoa_prf)
/usr/lib/gcc/avr/16.1.0/../../../../avr/lib/avr5/libc.a(pstr_inf.o)
                              /usr/lib/gcc/avr/16.1.0/../../../../avr/lib/avr5/libc.a(strtof.o) (__pstr_nan)
/usr/lib/gcc/avr/16.1.0/../../../../avr/lib/avr5/libc.a(ftoa_engine.o)
                              /usr/lib/gcc/avr/16.1.0/../../../../avr/lib/avr5/libc.a(ftoa_prf.o) (__ftoa_engine)
/usr/lib/gcc/avr/16.1.0/../../../../avr/lib/avr5/libc.a(cty_isfalse.o)
                              /usr/lib/gcc/avr/16.1.0/../../../../avr/lib/avr5/libc.a(isspace.o) (__ctype_isfalse)
/usr/lib/gcc/avr/16.1.0/../../../../avr/lib/avr5/libc.a(strrev.o)
                              /usr/lib/gcc/avr/16.1.0/../../../../avr/lib/avr5/libc.a(utoa_ncheck.o) (strrev)
/home/jcaf/.mchp_packs/Microchip/ATmega_DFP/3.5.296/gcc/dev/atmega328p/avr5/libatmega328p.a(eerd_dword.o)
                              build/default/production/rx_trama/rx_trama.o (eeprom_read_float)
/home/jcaf/.mchp_packs/Microchip/ATmega_DFP/3.5.296/gcc/dev/atmega328p/avr5/libatmega328p.a(eerd_word.o)
                              build/default/production/rx_trama/rx_trama.o (eeprom_read_word)
/home/jcaf/.mchp_packs/Microchip/ATmega_DFP/3.5.296/gcc/dev/atmega328p/avr5/libatmega328p.a(eeupd_dword.o)
                              build/default/production/rx_trama/rx_trama.o (eeprom_update_float)
/home/jcaf/.mchp_packs/Microchip/ATmega_DFP/3.5.296/gcc/dev/atmega328p/avr5/libatmega328p.a(eeupd_word.o)
                              build/default/production/rx_trama/rx_trama.o (eeprom_update_word)
/home/jcaf/.mchp_packs/Microchip/ATmega_DFP/3.5.296/gcc/dev/atmega328p/avr5/libatmega328p.a(eerd_block.o)
                              /home/jcaf/.mchp_packs/Microchip/ATmega_DFP/3.5.296/gcc/dev/atmega328p/avr5/libatmega328p.a(eerd_dword.o) (eeprom_read_blraw)
/home/jcaf/.mchp_packs/Microchip/ATmega_DFP/3.5.296/gcc/dev/atmega328p/avr5/libatmega328p.a(eeupd_byte.o)
                              /home/jcaf/.mchp_packs/Microchip/ATmega_DFP/3.5.296/gcc/dev/atmega328p/avr5/libatmega328p.a(eeupd_dword.o) (eeprom_update_byte)
/usr/lib/gcc/avr/16.1.0/avr5/libgcc.a(_prologue.o)
                              /usr/lib/gcc/avr/16.1.0/../../../../avr/lib/avr5/libc.a(strtof.o) (__prologue_saves__)
/usr/lib/gcc/avr/16.1.0/avr5/libgcc.a(_epilogue.o)
                              /usr/lib/gcc/avr/16.1.0/../../../../avr/lib/avr5/libc.a(strtof.o) (__epilogue_restores__)
/usr/lib/gcc/avr/16.1.0/../../../../avr/lib/avr5/libm.a(cmpsf2.o)
                              /usr/lib/gcc/avr/16.1.0/../../../../avr/lib/avr5/libc.a(strtof.o) (__eqsf2)
/usr/lib/gcc/avr/16.1.0/../../../../avr/lib/avr5/libm.a(fp_cmp.o)
                              /usr/lib/gcc/avr/16.1.0/../../../../avr/lib/avr5/libm.a(cmpsf2.o) (__fp_cmp)

Discarded input sections

 .data          0x00000000        0x0 /home/jcaf/.mchp_packs/Microchip/ATmega_DFP/3.5.296/gcc/dev/atmega328p/avr5/crtatmega328p.o
 .bss           0x00000000        0x0 /home/jcaf/.mchp_packs/Microchip/ATmega_DFP/3.5.296/gcc/dev/atmega328p/avr5/crtatmega328p.o
 .text          0x00000000        0x0 build/default/production/indicator/indicator.o
 .data          0x00000000        0x0 build/default/production/indicator/indicator.o
 .bss           0x00000000        0x0 build/default/production/indicator/indicator.o
 .text.indicatorTimed_cycle_start
                0x00000000        0x8 build/default/production/indicator/indicator.o
 .text.indicator_on
                0x00000000       0x1e build/default/production/indicator/indicator.o
 .text.indicator_off
                0x00000000       0x20 build/default/production/indicator/indicator.o
 .text          0x00000000        0x0 build/default/production/pinGetLevel/pinGetLevel.o
 .data          0x00000000        0x0 build/default/production/pinGetLevel/pinGetLevel.o
 .bss           0x00000000        0x0 build/default/production/pinGetLevel/pinGetLevel.o
 .text          0x00000000        0x0 build/default/production/rx_trama/rx_trama.o
 .data          0x00000000        0x0 build/default/production/rx_trama/rx_trama.o
 .bss           0x00000000        0x0 build/default/production/rx_trama/rx_trama.o
 .text          0x00000000        0x0 build/default/production/serial/serial.o
 .data          0x00000000        0x0 build/default/production/serial/serial.o
 .bss           0x00000000        0x0 build/default/production/serial/serial.o
 .text.scirbuf_read_1byte
                0x00000000       0x34 build/default/production/serial/serial.o
 .text          0x00000000        0x0 build/default/production/usart/usart.o
 .data          0x00000000        0x0 build/default/production/usart/usart.o
 .bss           0x00000000        0x0 build/default/production/usart/usart.o
 .text.USART_Receive
                0x00000000        0xe build/default/production/usart/usart.o
 .text.usart_println_string
                0x00000000        0xa build/default/production/usart/usart.o
 .text.usart_print_PSTRstring
                0x00000000       0x1c build/default/production/usart/usart.o
 .text.usart_println_PSTRstring
                0x00000000        0xa build/default/production/usart/usart.o
 .text          0x00000000        0x0 build/default/production/main.o
 .data          0x00000000        0x0 build/default/production/main.o
 .bss           0x00000000        0x0 build/default/production/main.o
 .bss.old_PORTRxENC_CHB
                0x00000000        0x1 build/default/production/main.o
 .text          0x00000000        0x0 /usr/lib/gcc/avr/16.1.0/../../../../avr/lib/avr5/libm.a(divsf3.o)
 .data          0x00000000        0x0 /usr/lib/gcc/avr/16.1.0/../../../../avr/lib/avr5/libm.a(divsf3.o)
 .bss           0x00000000        0x0 /usr/lib/gcc/avr/16.1.0/../../../../avr/lib/avr5/libm.a(divsf3.o)
 .text          0x00000000        0x0 /usr/lib/gcc/avr/16.1.0/../../../../avr/lib/avr5/libm.a(divsf3x.o)
 .data          0x00000000        0x0 /usr/lib/gcc/avr/16.1.0/../../../../avr/lib/avr5/libm.a(divsf3x.o)
 .bss           0x00000000        0x0 /usr/lib/gcc/avr/16.1.0/../../../../avr/lib/avr5/libm.a(divsf3x.o)
 .text          0x00000000        0x0 /usr/lib/gcc/avr/16.1.0/../../../../avr/lib/avr5/libm.a(fixsfsi.o)
 .data          0x00000000        0x0 /usr/lib/gcc/avr/16.1.0/../../../../avr/lib/avr5/libm.a(fixsfsi.o)
 .bss           0x00000000        0x0 /usr/lib/gcc/avr/16.1.0/../../../../avr/lib/avr5/libm.a(fixsfsi.o)
 .text          0x00000000        0x0 /usr/lib/gcc/avr/16.1.0/../../../../avr/lib/avr5/libm.a(fixunssfsi.o)
 .data          0x00000000        0x0 /usr/lib/gcc/avr/16.1.0/../../../../avr/lib/avr5/libm.a(fixunssfsi.o)
 .bss           0x00000000        0x0 /usr/lib/gcc/avr/16.1.0/../../../../avr/lib/avr5/libm.a(fixunssfsi.o)
 .text          0x00000000        0x0 /usr/lib/gcc/avr/16.1.0/../../../../avr/lib/avr5/libm.a(floatsisf.o)
 .data          0x00000000        0x0 /usr/lib/gcc/avr/16.1.0/../../../../avr/lib/avr5/libm.a(floatsisf.o)
 .bss           0x00000000        0x0 /usr/lib/gcc/avr/16.1.0/../../../../avr/lib/avr5/libm.a(floatsisf.o)
 .text          0x00000000        0x0 /usr/lib/gcc/avr/16.1.0/../../../../avr/lib/avr5/libm.a(fp_inf.o)
 .data          0x00000000        0x0 /usr/lib/gcc/avr/16.1.0/../../../../avr/lib/avr5/libm.a(fp_inf.o)
 .bss           0x00000000        0x0 /usr/lib/gcc/avr/16.1.0/../../../../avr/lib/avr5/libm.a(fp_inf.o)
 .text          0x00000000        0x0 /usr/lib/gcc/avr/16.1.0/../../../../avr/lib/avr5/libm.a(fp_nan.o)
 .data          0x00000000        0x0 /usr/lib/gcc/avr/16.1.0/../../../../avr/lib/avr5/libm.a(fp_nan.o)
 .bss           0x00000000        0x0 /usr/lib/gcc/avr/16.1.0/../../../../avr/lib/avr5/libm.a(fp_nan.o)
 .text          0x00000000        0x0 /usr/lib/gcc/avr/16.1.0/../../../../avr/lib/avr5/libm.a(fp_pscA.o)
 .data          0x00000000        0x0 /usr/lib/gcc/avr/16.1.0/../../../../avr/lib/avr5/libm.a(fp_pscA.o)
 .bss           0x00000000        0x0 /usr/lib/gcc/avr/16.1.0/../../../../avr/lib/avr5/libm.a(fp_pscA.o)
 .text          0x00000000        0x0 /usr/lib/gcc/avr/16.1.0/../../../../avr/lib/avr5/libm.a(fp_pscB.o)
 .data          0x00000000        0x0 /usr/lib/gcc/avr/16.1.0/../../../../avr/lib/avr5/libm.a(fp_pscB.o)
 .bss           0x00000000        0x0 /usr/lib/gcc/avr/16.1.0/../../../../avr/lib/avr5/libm.a(fp_pscB.o)
 .text          0x00000000        0x0 /usr/lib/gcc/avr/16.1.0/../../../../avr/lib/avr5/libm.a(fp_round.o)
 .data          0x00000000        0x0 /usr/lib/gcc/avr/16.1.0/../../../../avr/lib/avr5/libm.a(fp_round.o)
 .bss           0x00000000        0x0 /usr/lib/gcc/avr/16.1.0/../../../../avr/lib/avr5/libm.a(fp_round.o)
 .text          0x00000000        0x0 /usr/lib/gcc/avr/16.1.0/../../../../avr/lib/avr5/libm.a(fp_split3.o)
 .data          0x00000000        0x0 /usr/lib/gcc/avr/16.1.0/../../../../avr/lib/avr5/libm.a(fp_split3.o)
 .bss           0x00000000        0x0 /usr/lib/gcc/avr/16.1.0/../../../../avr/lib/avr5/libm.a(fp_split3.o)
 .text          0x00000000        0x0 /usr/lib/gcc/avr/16.1.0/../../../../avr/lib/avr5/libm.a(fp_zero.o)
 .data          0x00000000        0x0 /usr/lib/gcc/avr/16.1.0/../../../../avr/lib/avr5/libm.a(fp_zero.o)
 .bss           0x00000000        0x0 /usr/lib/gcc/avr/16.1.0/../../../../avr/lib/avr5/libm.a(fp_zero.o)
 .text          0x00000000        0x0 /usr/lib/gcc/avr/16.1.0/../../../../avr/lib/avr5/libm.a(mulsf3.o)
 .data          0x00000000        0x0 /usr/lib/gcc/avr/16.1.0/../../../../avr/lib/avr5/libm.a(mulsf3.o)
 .bss           0x00000000        0x0 /usr/lib/gcc/avr/16.1.0/../../../../avr/lib/avr5/libm.a(mulsf3.o)
 .text          0x00000000        0x0 /usr/lib/gcc/avr/16.1.0/../../../../avr/lib/avr5/libm.a(mulsf3x.o)
 .data          0x00000000        0x0 /usr/lib/gcc/avr/16.1.0/../../../../avr/lib/avr5/libm.a(mulsf3x.o)
 .bss           0x00000000        0x0 /usr/lib/gcc/avr/16.1.0/../../../../avr/lib/avr5/libm.a(mulsf3x.o)
 .text          0x00000000        0x0 /usr/lib/gcc/avr/16.1.0/avr5/libgcc.a(_divmodsi4.o)
 .data          0x00000000        0x0 /usr/lib/gcc/avr/16.1.0/avr5/libgcc.a(_divmodsi4.o)
 .bss           0x00000000        0x0 /usr/lib/gcc/avr/16.1.0/avr5/libgcc.a(_divmodsi4.o)
 .text.libgcc.mul
                0x00000000        0x0 /usr/lib/gcc/avr/16.1.0/avr5/libgcc.a(_divmodsi4.o)
 .text.libgcc   0x00000000        0x0 /usr/lib/gcc/avr/16.1.0/avr5/libgcc.a(_divmodsi4.o)
 .text.libgcc.prologue
                0x00000000        0x0 /usr/lib/gcc/avr/16.1.0/avr5/libgcc.a(_divmodsi4.o)
 .text.libgcc.builtins
                0x00000000        0x0 /usr/lib/gcc/avr/16.1.0/avr5/libgcc.a(_divmodsi4.o)
 .text.libgcc.fmul
                0x00000000        0x0 /usr/lib/gcc/avr/16.1.0/avr5/libgcc.a(_divmodsi4.o)
 .text.libgcc.fixed
                0x00000000        0x0 /usr/lib/gcc/avr/16.1.0/avr5/libgcc.a(_divmodsi4.o)
 .text          0x00000000        0x0 /usr/lib/gcc/avr/16.1.0/avr5/libgcc.a(_negsi2.o)
 .data          0x00000000        0x0 /usr/lib/gcc/avr/16.1.0/avr5/libgcc.a(_negsi2.o)
 .bss           0x00000000        0x0 /usr/lib/gcc/avr/16.1.0/avr5/libgcc.a(_negsi2.o)
 .text.libgcc.mul
                0x00000000        0x0 /usr/lib/gcc/avr/16.1.0/avr5/libgcc.a(_negsi2.o)
 .text.libgcc   0x00000000        0x0 /usr/lib/gcc/avr/16.1.0/avr5/libgcc.a(_negsi2.o)
 .text.libgcc.prologue
                0x00000000        0x0 /usr/lib/gcc/avr/16.1.0/avr5/libgcc.a(_negsi2.o)
 .text.libgcc.builtins
                0x00000000        0x0 /usr/lib/gcc/avr/16.1.0/avr5/libgcc.a(_negsi2.o)
 .text.libgcc.fmul
                0x00000000        0x0 /usr/lib/gcc/avr/16.1.0/avr5/libgcc.a(_negsi2.o)
 .text.libgcc.fixed
                0x00000000        0x0 /usr/lib/gcc/avr/16.1.0/avr5/libgcc.a(_negsi2.o)
 .text          0x00000000        0x0 /usr/lib/gcc/avr/16.1.0/avr5/libgcc.a(_exit.o)
 .data          0x00000000        0x0 /usr/lib/gcc/avr/16.1.0/avr5/libgcc.a(_exit.o)
 .bss           0x00000000        0x0 /usr/lib/gcc/avr/16.1.0/avr5/libgcc.a(_exit.o)
 .text.libgcc.mul
                0x00000000        0x0 /usr/lib/gcc/avr/16.1.0/avr5/libgcc.a(_exit.o)
 .text.libgcc.div
                0x00000000        0x0 /usr/lib/gcc/avr/16.1.0/avr5/libgcc.a(_exit.o)
 .text.libgcc   0x00000000        0x0 /usr/lib/gcc/avr/16.1.0/avr5/libgcc.a(_exit.o)
 .text.libgcc.prologue
                0x00000000        0x0 /usr/lib/gcc/avr/16.1.0/avr5/libgcc.a(_exit.o)
 .text.libgcc.builtins
                0x00000000        0x0 /usr/lib/gcc/avr/16.1.0/avr5/libgcc.a(_exit.o)
 .text.libgcc.fmul
                0x00000000        0x0 /usr/lib/gcc/avr/16.1.0/avr5/libgcc.a(_exit.o)
 .text.libgcc.fixed
                0x00000000        0x0 /usr/lib/gcc/avr/16.1.0/avr5/libgcc.a(_exit.o)
 .text          0x00000000        0x0 /usr/lib/gcc/avr/16.1.0/avr5/libgcc.a(_tablejump2.o)
 .data          0x00000000        0x0 /usr/lib/gcc/avr/16.1.0/avr5/libgcc.a(_tablejump2.o)
 .bss           0x00000000        0x0 /usr/lib/gcc/avr/16.1.0/avr5/libgcc.a(_tablejump2.o)
 .text.libgcc.mul
                0x00000000        0x0 /usr/lib/gcc/avr/16.1.0/avr5/libgcc.a(_tablejump2.o)
 .text.libgcc.div
                0x00000000        0x0 /usr/lib/gcc/avr/16.1.0/avr5/libgcc.a(_tablejump2.o)
 .text.libgcc.prologue
                0x00000000        0x0 /usr/lib/gcc/avr/16.1.0/avr5/libgcc.a(_tablejump2.o)
 .text.libgcc.builtins
                0x00000000        0x0 /usr/lib/gcc/avr/16.1.0/avr5/libgcc.a(_tablejump2.o)
 .text.libgcc.fmul
                0x00000000        0x0 /usr/lib/gcc/avr/16.1.0/avr5/libgcc.a(_tablejump2.o)
 .text.libgcc.fixed
                0x00000000        0x0 /usr/lib/gcc/avr/16.1.0/avr5/libgcc.a(_tablejump2.o)
 .text          0x00000000        0x0 /usr/lib/gcc/avr/16.1.0/avr5/libgcc.a(_copy_data.o)
 .data          0x00000000        0x0 /usr/lib/gcc/avr/16.1.0/avr5/libgcc.a(_copy_data.o)
 .bss           0x00000000        0x0 /usr/lib/gcc/avr/16.1.0/avr5/libgcc.a(_copy_data.o)
 .text.libgcc.mul
                0x00000000        0x0 /usr/lib/gcc/avr/16.1.0/avr5/libgcc.a(_copy_data.o)
 .text.libgcc.div
                0x00000000        0x0 /usr/lib/gcc/avr/16.1.0/avr5/libgcc.a(_copy_data.o)
 .text.libgcc   0x00000000        0x0 /usr/lib/gcc/avr/16.1.0/avr5/libgcc.a(_copy_data.o)
 .text.libgcc.prologue
                0x00000000        0x0 /usr/lib/gcc/avr/16.1.0/avr5/libgcc.a(_copy_data.o)
 .text.libgcc.builtins
                0x00000000        0x0 /usr/lib/gcc/avr/16.1.0/avr5/libgcc.a(_copy_data.o)
 .text.libgcc.fmul
                0x00000000        0x0 /usr/lib/gcc/avr/16.1.0/avr5/libgcc.a(_copy_data.o)
 .text.libgcc.fixed
                0x00000000        0x0 /usr/lib/gcc/avr/16.1.0/avr5/libgcc.a(_copy_data.o)
 .text          0x00000000        0x0 /usr/lib/gcc/avr/16.1.0/avr5/libgcc.a(_clear_bss.o)
 .data          0x00000000        0x0 /usr/lib/gcc/avr/16.1.0/avr5/libgcc.a(_clear_bss.o)
 .bss           0x00000000        0x0 /usr/lib/gcc/avr/16.1.0/avr5/libgcc.a(_clear_bss.o)
 .text.libgcc.mul
                0x00000000        0x0 /usr/lib/gcc/avr/16.1.0/avr5/libgcc.a(_clear_bss.o)
 .text.libgcc.div
                0x00000000        0x0 /usr/lib/gcc/avr/16.1.0/avr5/libgcc.a(_clear_bss.o)
 .text.libgcc   0x00000000        0x0 /usr/lib/gcc/avr/16.1.0/avr5/libgcc.a(_clear_bss.o)
 .text.libgcc.prologue
                0x00000000        0x0 /usr/lib/gcc/avr/16.1.0/avr5/libgcc.a(_clear_bss.o)
 .text.libgcc.builtins
                0x00000000        0x0 /usr/lib/gcc/avr/16.1.0/avr5/libgcc.a(_clear_bss.o)
 .text.libgcc.fmul
                0x00000000        0x0 /usr/lib/gcc/avr/16.1.0/avr5/libgcc.a(_clear_bss.o)
 .text.libgcc.fixed
                0x00000000        0x0 /usr/lib/gcc/avr/16.1.0/avr5/libgcc.a(_clear_bss.o)
 .text          0x00000000        0x0 /usr/lib/gcc/avr/16.1.0/avr5/libgcc.a(_udivmodsi4.o)
 .data          0x00000000        0x0 /usr/lib/gcc/avr/16.1.0/avr5/libgcc.a(_udivmodsi4.o)
 .bss           0x00000000        0x0 /usr/lib/gcc/avr/16.1.0/avr5/libgcc.a(_udivmodsi4.o)
 .text.libgcc.mul
                0x00000000        0x0 /usr/lib/gcc/avr/16.1.0/avr5/libgcc.a(_udivmodsi4.o)
 .text.libgcc   0x00000000        0x0 /usr/lib/gcc/avr/16.1.0/avr5/libgcc.a(_udivmodsi4.o)
 .text.libgcc.prologue
                0x00000000        0x0 /usr/lib/gcc/avr/16.1.0/avr5/libgcc.a(_udivmodsi4.o)
 .text.libgcc.builtins
                0x00000000        0x0 /usr/lib/gcc/avr/16.1.0/avr5/libgcc.a(_udivmodsi4.o)
 .text.libgcc.fmul
                0x00000000        0x0 /usr/lib/gcc/avr/16.1.0/avr5/libgcc.a(_udivmodsi4.o)
 .text.libgcc.fixed
                0x00000000        0x0 /usr/lib/gcc/avr/16.1.0/avr5/libgcc.a(_udivmodsi4.o)
 .text          0x00000000        0x0 /usr/lib/gcc/avr/16.1.0/../../../../avr/lib/avr5/libc.a(ftostrf.o)
 .data          0x00000000        0x0 /usr/lib/gcc/avr/16.1.0/../../../../avr/lib/avr5/libc.a(ftostrf.o)
 .bss           0x00000000        0x0 /usr/lib/gcc/avr/16.1.0/../../../../avr/lib/avr5/libc.a(ftostrf.o)
 .text          0x00000000        0x0 /usr/lib/gcc/avr/16.1.0/../../../../avr/lib/avr5/libc.a(strtof.o)
 .data          0x00000000        0x0 /usr/lib/gcc/avr/16.1.0/../../../../avr/lib/avr5/libc.a(strtof.o)
 .bss           0x00000000        0x0 /usr/lib/gcc/avr/16.1.0/../../../../avr/lib/avr5/libc.a(strtof.o)
 .text          0x00000000        0x0 /usr/lib/gcc/avr/16.1.0/../../../../avr/lib/avr5/libc.a(atoi.o)
 .data          0x00000000        0x0 /usr/lib/gcc/avr/16.1.0/../../../../avr/lib/avr5/libc.a(atoi.o)
 .bss           0x00000000        0x0 /usr/lib/gcc/avr/16.1.0/../../../../avr/lib/avr5/libc.a(atoi.o)
 .text          0x00000000        0x0 /usr/lib/gcc/avr/16.1.0/../../../../avr/lib/avr5/libc.a(isspace.o)
 .data          0x00000000        0x0 /usr/lib/gcc/avr/16.1.0/../../../../avr/lib/avr5/libc.a(isspace.o)
 .bss           0x00000000        0x0 /usr/lib/gcc/avr/16.1.0/../../../../avr/lib/avr5/libc.a(isspace.o)
 .text          0x00000000        0x0 /usr/lib/gcc/avr/16.1.0/../../../../avr/lib/avr5/libc.a(strncasecmp_P.o)
 .data          0x00000000        0x0 /usr/lib/gcc/avr/16.1.0/../../../../avr/lib/avr5/libc.a(strncasecmp_P.o)
 .bss           0x00000000        0x0 /usr/lib/gcc/avr/16.1.0/../../../../avr/lib/avr5/libc.a(strncasecmp_P.o)
 .text          0x00000000        0x0 /usr/lib/gcc/avr/16.1.0/../../../../avr/lib/avr5/libc.a(strcat.o)
 .data          0x00000000        0x0 /usr/lib/gcc/avr/16.1.0/../../../../avr/lib/avr5/libc.a(strcat.o)
 .bss           0x00000000        0x0 /usr/lib/gcc/avr/16.1.0/../../../../avr/lib/avr5/libc.a(strcat.o)
 .text          0x00000000        0x0 /usr/lib/gcc/avr/16.1.0/../../../../avr/lib/avr5/libc.a(strlen.o)
 .data          0x00000000        0x0 /usr/lib/gcc/avr/16.1.0/../../../../avr/lib/avr5/libc.a(strlen.o)
 .bss           0x00000000        0x0 /usr/lib/gcc/avr/16.1.0/../../../../avr/lib/avr5/libc.a(strlen.o)
 .text          0x00000000        0x0 /usr/lib/gcc/avr/16.1.0/../../../../avr/lib/avr5/libc.a(itoa_ncheck.o)
 .data          0x00000000        0x0 /usr/lib/gcc/avr/16.1.0/../../../../avr/lib/avr5/libc.a(itoa_ncheck.o)
 .bss           0x00000000        0x0 /usr/lib/gcc/avr/16.1.0/../../../../avr/lib/avr5/libc.a(itoa_ncheck.o)
 .text          0x00000000        0x0 /usr/lib/gcc/avr/16.1.0/../../../../avr/lib/avr5/libc.a(mulsi10.o)
 .data          0x00000000        0x0 /usr/lib/gcc/avr/16.1.0/../../../../avr/lib/avr5/libc.a(mulsi10.o)
 .bss           0x00000000        0x0 /usr/lib/gcc/avr/16.1.0/../../../../avr/lib/avr5/libc.a(mulsi10.o)
 .text          0x00000000        0x0 /usr/lib/gcc/avr/16.1.0/../../../../avr/lib/avr5/libc.a(mul10.o)
 .data          0x00000000        0x0 /usr/lib/gcc/avr/16.1.0/../../../../avr/lib/avr5/libc.a(mul10.o)
 .bss           0x00000000        0x0 /usr/lib/gcc/avr/16.1.0/../../../../avr/lib/avr5/libc.a(mul10.o)
 .text          0x00000000        0x0 /usr/lib/gcc/avr/16.1.0/../../../../avr/lib/avr5/libc.a(utoa_ncheck.o)
 .data          0x00000000        0x0 /usr/lib/gcc/avr/16.1.0/../../../../avr/lib/avr5/libc.a(utoa_ncheck.o)
 .bss           0x00000000        0x0 /usr/lib/gcc/avr/16.1.0/../../../../avr/lib/avr5/libc.a(utoa_ncheck.o)
 .text          0x00000000        0x0 /usr/lib/gcc/avr/16.1.0/../../../../avr/lib/avr5/libc.a(pwr_10.o)
 .data          0x00000000        0x0 /usr/lib/gcc/avr/16.1.0/../../../../avr/lib/avr5/libc.a(pwr_10.o)
 .bss           0x00000000        0x0 /usr/lib/gcc/avr/16.1.0/../../../../avr/lib/avr5/libc.a(pwr_10.o)
 .text          0x00000000        0x0 /usr/lib/gcc/avr/16.1.0/../../../../avr/lib/avr5/libc.a(errno.o)
 .data          0x00000000        0x0 /usr/lib/gcc/avr/16.1.0/../../../../avr/lib/avr5/libc.a(errno.o)
 .text          0x00000000        0x0 /usr/lib/gcc/avr/16.1.0/../../../../avr/lib/avr5/libc.a(ftoa_prf.o)
 .data          0x00000000        0x0 /usr/lib/gcc/avr/16.1.0/../../../../avr/lib/avr5/libc.a(ftoa_prf.o)
 .bss           0x00000000        0x0 /usr/lib/gcc/avr/16.1.0/../../../../avr/lib/avr5/libc.a(ftoa_prf.o)
 .text          0x00000000        0x0 /usr/lib/gcc/avr/16.1.0/../../../../avr/lib/avr5/libc.a(pstr_inf.o)
 .data          0x00000000        0x0 /usr/lib/gcc/avr/16.1.0/../../../../avr/lib/avr5/libc.a(pstr_inf.o)
 .bss           0x00000000        0x0 /usr/lib/gcc/avr/16.1.0/../../../../avr/lib/avr5/libc.a(pstr_inf.o)
 .text          0x00000000        0x0 /usr/lib/gcc/avr/16.1.0/../../../../avr/lib/avr5/libc.a(ftoa_engine.o)
 .data          0x00000000        0x0 /usr/lib/gcc/avr/16.1.0/../../../../avr/lib/avr5/libc.a(ftoa_engine.o)
 .bss           0x00000000        0x0 /usr/lib/gcc/avr/16.1.0/../../../../avr/lib/avr5/libc.a(ftoa_engine.o)
 .text          0x00000000        0x0 /usr/lib/gcc/avr/16.1.0/../../../../avr/lib/avr5/libc.a(cty_isfalse.o)
 .data          0x00000000        0x0 /usr/lib/gcc/avr/16.1.0/../../../../avr/lib/avr5/libc.a(cty_isfalse.o)
 .bss           0x00000000        0x0 /usr/lib/gcc/avr/16.1.0/../../../../avr/lib/avr5/libc.a(cty_isfalse.o)
 .text          0x00000000        0x0 /usr/lib/gcc/avr/16.1.0/../../../../avr/lib/avr5/libc.a(strrev.o)
 .data          0x00000000        0x0 /usr/lib/gcc/avr/16.1.0/../../../../avr/lib/avr5/libc.a(strrev.o)
 .bss           0x00000000        0x0 /usr/lib/gcc/avr/16.1.0/../../../../avr/lib/avr5/libc.a(strrev.o)
 .text          0x00000000        0x0 /home/jcaf/.mchp_packs/Microchip/ATmega_DFP/3.5.296/gcc/dev/atmega328p/avr5/libatmega328p.a(eerd_dword.o)
 .data          0x00000000        0x0 /home/jcaf/.mchp_packs/Microchip/ATmega_DFP/3.5.296/gcc/dev/atmega328p/avr5/libatmega328p.a(eerd_dword.o)
 .bss           0x00000000        0x0 /home/jcaf/.mchp_packs/Microchip/ATmega_DFP/3.5.296/gcc/dev/atmega328p/avr5/libatmega328p.a(eerd_dword.o)
 .text          0x00000000        0x0 /home/jcaf/.mchp_packs/Microchip/ATmega_DFP/3.5.296/gcc/dev/atmega328p/avr5/libatmega328p.a(eerd_word.o)
 .data          0x00000000        0x0 /home/jcaf/.mchp_packs/Microchip/ATmega_DFP/3.5.296/gcc/dev/atmega328p/avr5/libatmega328p.a(eerd_word.o)
 .bss           0x00000000        0x0 /home/jcaf/.mchp_packs/Microchip/ATmega_DFP/3.5.296/gcc/dev/atmega328p/avr5/libatmega328p.a(eerd_word.o)
 .text          0x00000000        0x0 /home/jcaf/.mchp_packs/Microchip/ATmega_DFP/3.5.296/gcc/dev/atmega328p/avr5/libatmega328p.a(eeupd_dword.o)
 .data          0x00000000        0x0 /home/jcaf/.mchp_packs/Microchip/ATmega_DFP/3.5.296/gcc/dev/atmega328p/avr5/libatmega328p.a(eeupd_dword.o)
 .bss           0x00000000        0x0 /home/jcaf/.mchp_packs/Microchip/ATmega_DFP/3.5.296/gcc/dev/atmega328p/avr5/libatmega328p.a(eeupd_dword.o)
 .text          0x00000000        0x0 /home/jcaf/.mchp_packs/Microchip/ATmega_DFP/3.5.296/gcc/dev/atmega328p/avr5/libatmega328p.a(eeupd_word.o)
 .data          0x00000000        0x0 /home/jcaf/.mchp_packs/Microchip/ATmega_DFP/3.5.296/gcc/dev/atmega328p/avr5/libatmega328p.a(eeupd_word.o)
 .bss           0x00000000        0x0 /home/jcaf/.mchp_packs/Microchip/ATmega_DFP/3.5.296/gcc/dev/atmega328p/avr5/libatmega328p.a(eeupd_word.o)
 .text          0x00000000        0x0 /home/jcaf/.mchp_packs/Microchip/ATmega_DFP/3.5.296/gcc/dev/atmega328p/avr5/libatmega328p.a(eerd_block.o)
 .data          0x00000000        0x0 /home/jcaf/.mchp_packs/Microchip/ATmega_DFP/3.5.296/gcc/dev/atmega328p/avr5/libatmega328p.a(eerd_block.o)
 .bss           0x00000000        0x0 /home/jcaf/.mchp_packs/Microchip/ATmega_DFP/3.5.296/gcc/dev/atmega328p/avr5/libatmega328p.a(eerd_block.o)
 .text          0x00000000        0x0 /home/jcaf/.mchp_packs/Microchip/ATmega_DFP/3.5.296/gcc/dev/atmega328p/avr5/libatmega328p.a(eeupd_byte.o)
 .data          0x00000000        0x0 /home/jcaf/.mchp_packs/Microchip/ATmega_DFP/3.5.296/gcc/dev/atmega328p/avr5/libatmega328p.a(eeupd_byte.o)
 .bss           0x00000000        0x0 /home/jcaf/.mchp_packs/Microchip/ATmega_DFP/3.5.296/gcc/dev/atmega328p/avr5/libatmega328p.a(eeupd_byte.o)
 .text          0x00000000        0x0 /usr/lib/gcc/avr/16.1.0/avr5/libgcc.a(_prologue.o)
 .data          0x00000000        0x0 /usr/lib/gcc/avr/16.1.0/avr5/libgcc.a(_prologue.o)
 .bss           0x00000000        0x0 /usr/lib/gcc/avr/16.1.0/avr5/libgcc.a(_prologue.o)
 .text.libgcc.mul
                0x00000000        0x0 /usr/lib/gcc/avr/16.1.0/avr5/libgcc.a(_prologue.o)
 .text.libgcc.div
                0x00000000        0x0 /usr/lib/gcc/avr/16.1.0/avr5/libgcc.a(_prologue.o)
 .text.libgcc   0x00000000        0x0 /usr/lib/gcc/avr/16.1.0/avr5/libgcc.a(_prologue.o)
 .text.libgcc.builtins
                0x00000000        0x0 /usr/lib/gcc/avr/16.1.0/avr5/libgcc.a(_prologue.o)
 .text.libgcc.fmul
                0x00000000        0x0 /usr/lib/gcc/avr/16.1.0/avr5/libgcc.a(_prologue.o)
 .text.libgcc.fixed
                0x00000000        0x0 /usr/lib/gcc/avr/16.1.0/avr5/libgcc.a(_prologue.o)
 .text          0x00000000        0x0 /usr/lib/gcc/avr/16.1.0/avr5/libgcc.a(_epilogue.o)
 .data          0x00000000        0x0 /usr/lib/gcc/avr/16.1.0/avr5/libgcc.a(_epilogue.o)
 .bss           0x00000000        0x0 /usr/lib/gcc/avr/16.1.0/avr5/libgcc.a(_epilogue.o)
 .text.libgcc.mul
                0x00000000        0x0 /usr/lib/gcc/avr/16.1.0/avr5/libgcc.a(_epilogue.o)
 .text.libgcc.div
                0x00000000        0x0 /usr/lib/gcc/avr/16.1.0/avr5/libgcc.a(_epilogue.o)
 .text.libgcc   0x00000000        0x0 /usr/lib/gcc/avr/16.1.0/avr5/libgcc.a(_epilogue.o)
 .text.libgcc.builtins
                0x00000000        0x0 /usr/lib/gcc/avr/16.1.0/avr5/libgcc.a(_epilogue.o)
 .text.libgcc.fmul
                0x00000000        0x0 /usr/lib/gcc/avr/16.1.0/avr5/libgcc.a(_epilogue.o)
 .text.libgcc.fixed
                0x00000000        0x0 /usr/lib/gcc/avr/16.1.0/avr5/libgcc.a(_epilogue.o)
 .text          0x00000000        0x0 /usr/lib/gcc/avr/16.1.0/../../../../avr/lib/avr5/libm.a(cmpsf2.o)
 .data          0x00000000        0x0 /usr/lib/gcc/avr/16.1.0/../../../../avr/lib/avr5/libm.a(cmpsf2.o)
 .bss           0x00000000        0x0 /usr/lib/gcc/avr/16.1.0/../../../../avr/lib/avr5/libm.a(cmpsf2.o)
 .text          0x00000000        0x0 /usr/lib/gcc/avr/16.1.0/../../../../avr/lib/avr5/libm.a(fp_cmp.o)
 .data          0x00000000        0x0 /usr/lib/gcc/avr/16.1.0/../../../../avr/lib/avr5/libm.a(fp_cmp.o)
 .bss           0x00000000        0x0 /usr/lib/gcc/avr/16.1.0/../../../../avr/lib/avr5/libm.a(fp_cmp.o)

Memory Configuration

Name             Origin             Length             Attributes
text             0x00000000         0x00008000         xr
data             0x00800100         0x00000800         rw!x
eeprom           0x00810000         0x00000400         rw!x
fuse             0x00820000         0x00000003         rw!x
lock             0x00830000         0x00000400         rw!x
signature        0x00840000         0x00000400         rw!x
user_signatures  0x00850000         0x00000400         rw!x
*default*        0x00000000         0xffffffff

Linker script and memory map

Address of section .data set to 0x800100
LOAD /home/jcaf/.mchp_packs/Microchip/ATmega_DFP/3.5.296/gcc/dev/atmega328p/avr5/crtatmega328p.o
LOAD build/default/production/indicator/indicator.o
LOAD build/default/production/pinGetLevel/pinGetLevel.o
LOAD build/default/production/rx_trama/rx_trama.o
LOAD build/default/production/serial/serial.o
LOAD build/default/production/usart/usart.o
LOAD build/default/production/main.o
                0x00000001                        __MPLAB_BUILD = 0x1
START GROUP
LOAD /usr/lib/gcc/avr/16.1.0/../../../../avr/lib/avr5/libm.a
END GROUP
START GROUP
LOAD /usr/lib/gcc/avr/16.1.0/avr5/libgcc.a
LOAD /usr/lib/gcc/avr/16.1.0/../../../../avr/lib/avr5/libm.a
LOAD /usr/lib/gcc/avr/16.1.0/../../../../avr/lib/avr5/libc.a
LOAD /home/jcaf/.mchp_packs/Microchip/ATmega_DFP/3.5.296/gcc/dev/atmega328p/avr5/libatmega328p.a
END GROUP
                0x00000000                        __TEXT_REGION_ORIGIN__ = DEFINED (__TEXT_REGION_ORIGIN__)?__TEXT_REGION_ORIGIN__:0x0
                [0x00008000]                      __TEXT_REGION_LENGTH__ = DEFINED (__TEXT_REGION_LENGTH__)?__TEXT_REGION_LENGTH__:0x20000
                [0x00800100]                      __DATA_REGION_ORIGIN__ = DEFINED (__DATA_REGION_ORIGIN__)?__DATA_REGION_ORIGIN__:0x800060
                [0x00000800]                      __DATA_REGION_LENGTH__ = DEFINED (__DATA_REGION_LENGTH__)?__DATA_REGION_LENGTH__:0xffa0
                [0x00000400]                      __EEPROM_REGION_LENGTH__ = DEFINED (__EEPROM_REGION_LENGTH__)?__EEPROM_REGION_LENGTH__:0x10000
                [0x00000003]                      __FUSE_REGION_LENGTH__ = DEFINED (__FUSE_REGION_LENGTH__)?__FUSE_REGION_LENGTH__:0x400
                0x00000400                        __LOCK_REGION_LENGTH__ = DEFINED (__LOCK_REGION_LENGTH__)?__LOCK_REGION_LENGTH__:0x400
                0x00000400                        __SIGNATURE_REGION_LENGTH__ = DEFINED (__SIGNATURE_REGION_LENGTH__)?__SIGNATURE_REGION_LENGTH__:0x400
                0x00000400                        __USER_SIGNATURE_REGION_LENGTH__ = DEFINED (__USER_SIGNATURE_REGION_LENGTH__)?__USER_SIGNATURE_REGION_LENGTH__:0x400

.hash
 *(.hash)

.dynsym
 *(.dynsym)

.dynstr
 *(.dynstr)

.gnu.version
 *(.gnu.version)

.gnu.version_d
 *(.gnu.version_d)

.gnu.version_r
 *(.gnu.version_r)

.rel.init
 *(.rel.init)

.rela.init
 *(.rela.init)

.rel.text
 *(.rel.text)
 *(.rel.text.*)
 *(.rel.gnu.linkonce.t*)

.rela.text
 *(.rela.text)
 *(.rela.text.*)
 *(.rela.gnu.linkonce.t*)

.rel.fini
 *(.rel.fini)

.rela.fini
 *(.rela.fini)

.rel.rodata
 *(.rel.rodata)
 *(.rel.rodata.*)
 *(.rel.gnu.linkonce.r*)

.rela.rodata
 *(.rela.rodata)
 *(.rela.rodata.*)
 *(.rela.gnu.linkonce.r*)

.rel.data
 *(.rel.data)
 *(.rel.data.*)
 *(.rel.gnu.linkonce.d*)

.rela.data
 *(.rela.data)
 *(.rela.data.*)
 *(.rela.gnu.linkonce.d*)

.rel.ctors
 *(.rel.ctors)

.rela.ctors
 *(.rela.ctors)

.rel.dtors
 *(.rel.dtors)

.rela.dtors
 *(.rela.dtors)

.rel.got
 *(.rel.got)

.rela.got
 *(.rela.got)

.rel.bss
 *(.rel.bss)

.rela.bss
 *(.rela.bss)

.rel.plt
 *(.rel.plt)

.rela.plt
 *(.rela.plt)

.text           0x00000000     0x20d6
 *(.vectors)
 .vectors       0x00000000       0x68 /home/jcaf/.mchp_packs/Microchip/ATmega_DFP/3.5.296/gcc/dev/atmega328p/avr5/crtatmega328p.o
                0x00000000                __vectors
                0x00000000                __vector_default
 *(.vectors)
                0x00000068                        __progmem_start = .
 *(.progmem)
 *(.progmem.*)
                0x00000068                        __progmem_end = .
                0x00000001                        ASSERT (((__progmem_start == __progmem_end) || (__progmem_end <= 0x10000)), .progmem section exceeds 0x10000)
                0x00000068                        . = ALIGN (0x2)
                0x00000068                        __trampolines_start = .
 *(.trampolines)
 .trampolines   0x00000068        0x0 linker stubs
 *(.trampolines*)
                0x00000068                        __trampolines_end = .
                0x00000068                        . = ALIGN (0x2)
 *(.lowtext)
 *(.lowtext*)
                0x00000068                        __ctors_start = .
 *(.ctors)
                0x00000068                        __ctors_end = .
                0x00000068                        __dtors_start = .
 *(.dtors)
                0x00000068                        __dtors_end = .
 SORT_BY_NAME(*)(.ctors)
 SORT_BY_NAME(*)(.dtors)
 *(.init0)
 .init0         0x00000068        0x0 /home/jcaf/.mchp_packs/Microchip/ATmega_DFP/3.5.296/gcc/dev/atmega328p/avr5/crtatmega328p.o
                0x00000068                __init
 *(.init0)
 *(.init1)
 *(.init1)
 *(.init2)
 .init2         0x00000068        0xc /home/jcaf/.mchp_packs/Microchip/ATmega_DFP/3.5.296/gcc/dev/atmega328p/avr5/crtatmega328p.o
 *(.init2)
 *(.init3)
 *(.init3)
 *(.init4)
 .init4         0x00000074       0x16 /usr/lib/gcc/avr/16.1.0/avr5/libgcc.a(_copy_data.o)
                0x00000074                __do_copy_data
 .init4         0x0000008a       0x10 /usr/lib/gcc/avr/16.1.0/avr5/libgcc.a(_clear_bss.o)
                0x0000008a                __do_clear_bss
 *(.init4)
 *(.init5)
 *(.init5)
 *(.init6)
 *(.init6)
 *(.init7)
 *(.init7)
 *(.init8)
 *(.init8)
 *(.init9)
 .init9         0x0000009a        0x8 /home/jcaf/.mchp_packs/Microchip/ATmega_DFP/3.5.296/gcc/dev/atmega328p/avr5/crtatmega328p.o
 *(.init9)
 *(.text)
 .text          0x000000a2        0x4 /home/jcaf/.mchp_packs/Microchip/ATmega_DFP/3.5.296/gcc/dev/atmega328p/avr5/crtatmega328p.o
                0x000000a2                __vector_22
                0x000000a2                __vector_1
                0x000000a2                __vector_24
                0x000000a2                __vector_12
                0x000000a2                __bad_interrupt
                0x000000a2                __vector_6
                0x000000a2                __vector_3
                0x000000a2                __vector_23
                0x000000a2                __vector_25
                0x000000a2                __vector_11
                0x000000a2                __vector_13
                0x000000a2                __vector_17
                0x000000a2                __vector_19
                0x000000a2                __vector_7
                0x000000a2                __vector_4
                0x000000a2                __vector_9
                0x000000a2                __vector_2
                0x000000a2                __vector_21
                0x000000a2                __vector_15
                0x000000a2                __vector_8
                0x000000a2                __vector_10
                0x000000a2                __vector_16
                0x000000a2                __vector_20
                0x000000a6                        . = ALIGN (0x2)
 *(.text.*)
 .text.indicator_setPortPin
                0x000000a6        0xe build/default/production/indicator/indicator.o
                0x000000a6                indicator_setPortPin
 .text.indicatorTimed_setKSysTickTime_ms
                0x000000b4        0xa build/default/production/indicator/indicator.o
                0x000000b4                indicatorTimed_setKSysTickTime_ms
 .text.indicatorTimed_run
                0x000000be        0x8 build/default/production/indicator/indicator.o
                0x000000be                indicatorTimed_run
 .text.indicatorTimed_stop
                0x000000c6       0x24 build/default/production/indicator/indicator.o
                0x000000c6                indicatorTimed_stop
 .text.indicatorTimed_job
                0x000000ea       0xec build/default/production/indicator/indicator.o
                0x000000ea                indicatorTimed_job
 .text.pinGetLevel_0
                0x000001d6        0x8 build/default/production/pinGetLevel/pinGetLevel.o
 .text.pinGetLevel_1
                0x000001de        0x8 build/default/production/pinGetLevel/pinGetLevel.o
 .text.pinGetLevel_init
                0x000001e6       0x7c build/default/production/pinGetLevel/pinGetLevel.o
                0x000001e6                pinGetLevel_init
 .text.pinGetLevel_job
                0x00000262       0xea build/default/production/pinGetLevel/pinGetLevel.o
                0x00000262                pinGetLevel_job
 .text.USB_commands
                0x0000034c      0x30e build/default/production/rx_trama/rx_trama.o
                0x0000034c                USB_commands
 .text.rx_trama
                0x0000065a       0xd4 build/default/production/rx_trama/rx_trama.o
                0x0000065a                rx_trama
 .text.scirbuf_bytes_available
                0x0000072e       0x34 build/default/production/serial/serial.o
                0x0000072e                scirbuf_bytes_available
 .text.scirbuf_write
                0x00000762       0x48 build/default/production/serial/serial.o
                0x00000762                scirbuf_write
 .text.scirbuf_read
                0x000007aa       0x48 build/default/production/serial/serial.o
                0x000007aa                scirbuf_read
 .text.scirbuf_read_nbytes
                0x000007f2       0xbe build/default/production/serial/serial.o
                0x000007f2                scirbuf_read_nbytes
 .text.rx_handler
                0x000008b0       0x6e build/default/production/serial/serial.o
                0x000008b0                rx_handler
 .text.USART_Init
                0x0000091e       0x16 build/default/production/usart/usart.o
                0x0000091e                USART_Init
 .text.USART_Transmit
                0x00000934        0xe build/default/production/usart/usart.o
                0x00000934                USART_Transmit
 .text.__vector_18
                0x00000942       0x48 build/default/production/usart/usart.o
                0x00000942                __vector_18
 .text.usart_print_string
                0x0000098a       0x1a build/default/production/usart/usart.o
                0x0000098a                usart_print_string
 .text.set_led_enlace
                0x000009a4        0xc build/default/production/main.o
                0x000009a4                set_led_enlace
 .text.set_led_motor
                0x000009b0        0xc build/default/production/main.o
                0x000009b0                set_led_motor
 .text.set_motor
                0x000009bc        0xc build/default/production/main.o
                0x000009bc                set_motor
 .text.set_ledselector
                0x000009c8       0x34 build/default/production/main.o
                0x000009c8                set_ledselector
 .text.set_selector
                0x000009fc       0x32 build/default/production/main.o
                0x000009fc                set_selector
 .text.USB_send_data_float
                0x00000a2e       0x6a build/default/production/main.o
                0x00000a2e                USB_send_data_float
 .text.set_execution
                0x00000a98      0x146 build/default/production/main.o
                0x00000a98                set_execution
 .text.USB_send_data_integer
                0x00000bde       0x60 build/default/production/main.o
                0x00000bde                USB_send_data_integer
 .text.startup.main
                0x00000c3e      0x364 build/default/production/main.o
                0x00000c3e                main
 .text.__vector_14
                0x00000fa2       0x18 build/default/production/main.o
                0x00000fa2                __vector_14
 .text.__vector_5
                0x00000fba      0x272 build/default/production/main.o
                0x00000fba                __vector_5
 .text.avr-libc.fplib
                0x0000122c        0x8 /usr/lib/gcc/avr/16.1.0/../../../../avr/lib/avr5/libm.a(divsf3.o)
                0x0000122c                __divsf3
 .text.avr-libc.fplib
                0x00001234       0xdc /usr/lib/gcc/avr/16.1.0/../../../../avr/lib/avr5/libm.a(divsf3x.o)
                0x00001254                __divsf3x
                0x0000125a                __divsf3_pse
 .text.avr-libc.fplib
                0x00001310        0xe /usr/lib/gcc/avr/16.1.0/../../../../avr/lib/avr5/libm.a(fixsfsi.o)
                0x00001310                __fixsfsi
 .text.avr-libc.fplib
                0x0000131e       0x52 /usr/lib/gcc/avr/16.1.0/../../../../avr/lib/avr5/libm.a(fixunssfsi.o)
                0x0000131e                __fixunssfsi
 .text.avr-libc.fplib
                0x00001370       0x70 /usr/lib/gcc/avr/16.1.0/../../../../avr/lib/avr5/libm.a(floatsisf.o)
                0x00001370                __floatunsisf
                0x00001374                __floatsisf
 .text.avr-libc.fplib
                0x000013e0        0xc /usr/lib/gcc/avr/16.1.0/../../../../avr/lib/avr5/libm.a(fp_inf.o)
                0x000013e0                __fp_inf
 .text.avr-libc.fplib
                0x000013ec        0x6 /usr/lib/gcc/avr/16.1.0/../../../../avr/lib/avr5/libm.a(fp_nan.o)
                0x000013ec                __fp_nan
 .text.avr-libc.fplib
                0x000013f2        0xe /usr/lib/gcc/avr/16.1.0/../../../../avr/lib/avr5/libm.a(fp_pscA.o)
                0x000013f2                __fp_pscA
 .text.avr-libc.fplib
                0x00001400        0xe /usr/lib/gcc/avr/16.1.0/../../../../avr/lib/avr5/libm.a(fp_pscB.o)
                0x00001400                __fp_pscB
 .text.avr-libc.fplib
                0x0000140e       0x22 /usr/lib/gcc/avr/16.1.0/../../../../avr/lib/avr5/libm.a(fp_round.o)
                0x0000140e                __fp_round
 .text.avr-libc.fplib
                0x00001430       0x44 /usr/lib/gcc/avr/16.1.0/../../../../avr/lib/avr5/libm.a(fp_split3.o)
                0x00001430                __fp_split3
                0x00001440                __fp_splitA
 .text.avr-libc.fplib
                0x00001474        0xe /usr/lib/gcc/avr/16.1.0/../../../../avr/lib/avr5/libm.a(fp_zero.o)
                0x00001474                __fp_zero
                0x00001476                __fp_szero
 .text.avr-libc.fplib
                0x00001482        0x8 /usr/lib/gcc/avr/16.1.0/../../../../avr/lib/avr5/libm.a(mulsf3.o)
                0x00001482                __mulsf3
 .text.avr-libc.fplib
                0x0000148a       0xd2 /usr/lib/gcc/avr/16.1.0/../../../../avr/lib/avr5/libm.a(mulsf3x.o)
                0x000014a8                __mulsf3x
                0x000014ae                __mulsf3_pse
 .text.libgcc.div
                0x0000155c       0x2e /usr/lib/gcc/avr/16.1.0/avr5/libgcc.a(_divmodsi4.o)
                0x0000155c                __divmodsi4
 .text.libgcc.div
                0x0000158a       0x10 /usr/lib/gcc/avr/16.1.0/avr5/libgcc.a(_negsi2.o)
                0x0000158a                __negsi2
 .text.libgcc   0x0000159a        0xc /usr/lib/gcc/avr/16.1.0/avr5/libgcc.a(_tablejump2.o)
                0x0000159a                __tablejump2__
 .text.libgcc.div
                0x000015a6       0x44 /usr/lib/gcc/avr/16.1.0/avr5/libgcc.a(_udivmodsi4.o)
                0x000015a6                __udivmodsi4
 .text.avr-libc
                0x000015ea       0x40 /usr/lib/gcc/avr/16.1.0/../../../../avr/lib/avr5/libc.a(ftostrf.o)
                0x000015ea                ftostrf
                0x000015ea                dtostrf
 .text.avr-libc
                0x0000162a      0x27a /usr/lib/gcc/avr/16.1.0/../../../../avr/lib/avr5/libc.a(strtof.o)
                0x0000162a                strtod
                0x0000162a                strtof
 .text.avr-libc
                0x000018a4       0x3c /usr/lib/gcc/avr/16.1.0/../../../../avr/lib/avr5/libc.a(atoi.o)
                0x000018a4                atoi
 .text.avr-libc
                0x000018e0       0x12 /usr/lib/gcc/avr/16.1.0/../../../../avr/lib/avr5/libc.a(isspace.o)
                0x000018e0                isspace
                0x000018e6                __isspace.ignore_r25
 .text.avr-libc
                0x000018f2       0x30 /usr/lib/gcc/avr/16.1.0/../../../../avr/lib/avr5/libc.a(strncasecmp_P.o)
                0x000018f2                strncasecmp_P
 .text.avr-libc
                0x00001922       0x16 /usr/lib/gcc/avr/16.1.0/../../../../avr/lib/avr5/libc.a(strcat.o)
                0x00001922                strcat
 .text.avr-libc
                0x00001938       0x12 /usr/lib/gcc/avr/16.1.0/../../../../avr/lib/avr5/libc.a(strlen.o)
                0x00001938                strlen
 .text.avr-libc
                0x0000194a       0x16 /usr/lib/gcc/avr/16.1.0/../../../../avr/lib/avr5/libc.a(itoa_ncheck.o)
                0x0000194a                __itoa_ncheck
 .text.avr-libc
                0x00001960       0x1e /usr/lib/gcc/avr/16.1.0/../../../../avr/lib/avr5/libc.a(mulsi10.o)
                0x00001960                __mulsi_const_10
                0x00001962                __mulsi_u8
 .text.avr-libc
                0x0000197e       0x10 /usr/lib/gcc/avr/16.1.0/../../../../avr/lib/avr5/libc.a(mul10.o)
                0x0000197e                __mulhi_const_10
 .text.avr-libc
                0x0000198e       0x34 /usr/lib/gcc/avr/16.1.0/../../../../avr/lib/avr5/libc.a(utoa_ncheck.o)
                0x0000198e                __utoa_ncheck
                0x00001990                __utoa_common
 .text.avr-libc
                0x000019c2      0x2a4 /usr/lib/gcc/avr/16.1.0/../../../../avr/lib/avr5/libc.a(ftoa_prf.o)
                0x000019c2                ftoa_prf
                0x000019c2                dtoa_prf
 .text.avr-libc
                0x00001c66      0x1b0 /usr/lib/gcc/avr/16.1.0/../../../../avr/lib/avr5/libc.a(ftoa_engine.o)
                0x00001c66                __ftoa_engine
 .text.avr-libc
                0x00001e16        0x6 /usr/lib/gcc/avr/16.1.0/../../../../avr/lib/avr5/libc.a(cty_isfalse.o)
                0x00001e16                __ctype_isfalse
                0x00001e1a                __ctype_istrue
 .text.avr-libc
                0x00001e1c       0x20 /usr/lib/gcc/avr/16.1.0/../../../../avr/lib/avr5/libc.a(strrev.o)
                0x00001e1c                strrev
 .text.avr-libc
                0x00001e3c        0xc /home/jcaf/.mchp_packs/Microchip/ATmega_DFP/3.5.296/gcc/dev/atmega328p/avr5/libatmega328p.a(eerd_dword.o)
                0x00001e3c                eeprom_read_dword
                0x00001e3c                eeprom_read_float
 .text.avr-libc
                0x00001e48        0xc /home/jcaf/.mchp_packs/Microchip/ATmega_DFP/3.5.296/gcc/dev/atmega328p/avr5/libatmega328p.a(eerd_word.o)
                0x00001e48                eeprom_read_word
 .text.avr-libc
                0x00001e54       0x18 /home/jcaf/.mchp_packs/Microchip/ATmega_DFP/3.5.296/gcc/dev/atmega328p/avr5/libatmega328p.a(eeupd_dword.o)
                0x00001e54                eeprom_update_dword
                0x00001e54                eeprom_update_float
 .text.avr-libc
                0x00001e6c        0xc /home/jcaf/.mchp_packs/Microchip/ATmega_DFP/3.5.296/gcc/dev/atmega328p/avr5/libatmega328p.a(eeupd_word.o)
                0x00001e6c                eeprom_update_word
 .text.avr-libc
                0x00001e78       0x20 /home/jcaf/.mchp_packs/Microchip/ATmega_DFP/3.5.296/gcc/dev/atmega328p/avr5/libatmega328p.a(eerd_block.o)
                0x00001e78                eeprom_read_block
                0x00001e7c                eeprom_read_blraw
 .text.avr-libc
                0x00001e98       0x24 /home/jcaf/.mchp_packs/Microchip/ATmega_DFP/3.5.296/gcc/dev/atmega328p/avr5/libatmega328p.a(eeupd_byte.o)
                0x00001e98                eeprom_update_byte
                0x00001e9a                eeprom_update_r18
 .text.libgcc.prologue
                0x00001ebc       0x38 /usr/lib/gcc/avr/16.1.0/avr5/libgcc.a(_prologue.o)
                0x00001ebc                __prologue_saves__
 .text.libgcc.prologue
                0x00001ef4       0x36 /usr/lib/gcc/avr/16.1.0/avr5/libgcc.a(_epilogue.o)
                0x00001ef4                __epilogue_restores__
 .text.avr-libc.fplib
                0x00001f2a        0xa /usr/lib/gcc/avr/16.1.0/../../../../avr/lib/avr5/libm.a(cmpsf2.o)
                0x00001f2a                __lesf2
                0x00001f2a                __nesf2
                0x00001f2a                __eqsf2
                0x00001f2a                __cmpsf2
                0x00001f2a                __ltsf2
 .text.avr-libc.fplib
                0x00001f34       0x48 /usr/lib/gcc/avr/16.1.0/../../../../avr/lib/avr5/libm.a(fp_cmp.o)
                0x00001f34                __fp_cmp
                0x00001f7c                        . = ALIGN (0x2)
 *(.fini9)
 .fini9         0x00001f7c        0x0 /usr/lib/gcc/avr/16.1.0/avr5/libgcc.a(_exit.o)
                0x00001f7c                exit
                0x00001f7c                _exit
 *(.fini9)
 *(.fini8)
 *(.fini8)
 *(.fini7)
 *(.fini7)
 *(.fini6)
 *(.fini6)
 *(.fini5)
 *(.fini5)
 *(.fini4)
 *(.fini4)
 *(.fini3)
 *(.fini3)
 *(.fini2)
 *(.fini2)
 *(.fini1)
 *(.fini1)
 *(.fini0)
 .fini0         0x00001f7c        0x4 /usr/lib/gcc/avr/16.1.0/avr5/libgcc.a(_exit.o)
 *(.fini0)
 *(.gnu.linkonce.t*)
 *(.hightext)
 *(.hightext*)
 *(.progmemx)
 *(.progmemx.*)
 .progmemx.data.pwr_10
                0x00001f80       0x30 /usr/lib/gcc/avr/16.1.0/../../../../avr/lib/avr5/libc.a(pwr_10.o)
                0x00001f80                __avrlibc_pwr_m10
                0x00001f98                __avrlibc_pwr_p10
 .progmemx.data.__pstr_inf
                0x00001fb0        0xb /usr/lib/gcc/avr/16.1.0/../../../../avr/lib/avr5/libc.a(pstr_inf.o)
                0x00001fb0                __pstr_nan
                0x00001fb3                __pstr_inity
                0x00001fb8                __pstr_inf
 .progmemx.gcc_stdlib.ftoa_engine
                0x00001fbb       0xfa /usr/lib/gcc/avr/16.1.0/../../../../avr/lib/avr5/libc.a(ftoa_engine.o)
                0x000020b6                        . = ALIGN (0x2)
 *fill*         0x000020b5        0x1 
 *(.jumptables)
 *(.jumptables*)
 .jumptables.gcc.USB_commands
                0x000020b6       0x20 build/default/production/rx_trama/rx_trama.o
                0x000020d6                        _etext = .

.data           0x00800100       0x14 load address 0x000020d6
                0x00800100                        PROVIDE (__data_start = .)
 *(.data)
 *(.data*)
 .data.USB_DATACODE.1
                0x00800100        0x1 build/default/production/rx_trama/rx_trama.o
 .data.lookup_table.1
                0x00800101       0x10 build/default/production/main.o
 *(.gnu.linkonce.d*)
 *(.rodata)
 *(.rodata*)
 .rodata.USB_send_data_float.str1.1
                0x00800111        0x2 build/default/production/main.o
 *(.gnu.linkonce.r*)
                0x00800114                        . = ALIGN (0x2)
 *fill*         0x00800113        0x1 
                0x00800114                        _edata = .
                0x00800114                        PROVIDE (__data_end = .)

.bss            0x00800114       0x9e
                0x00800114                        PROVIDE (__bss_start = .)
 *(.bss)
 .bss           0x00800114        0x2 /usr/lib/gcc/avr/16.1.0/../../../../avr/lib/avr5/libc.a(errno.o)
                0x00800114                errno
 *(.bss*)
 .bss.indicator
                0x00800116        0xa build/default/production/indicator/indicator.o
                0x00800116                indicator
 .bss.pinGetLevel
                0x00800120        0x8 build/default/production/pinGetLevel/pinGetLevel.o
                0x00800120                pinGetLevel
 .bss.USB_payload_char.0
                0x00800128       0x1e build/default/production/rx_trama/rx_trama.o
 .bss.USB_payload_idx.2
                0x00800146        0x1 build/default/production/rx_trama/rx_trama.o
 .bss.rx        0x00800147        0x1 build/default/production/rx_trama/rx_trama.o
                0x00800147                rx
 .bss.soft_buff.0
                0x00800148        0x4 build/default/production/serial/serial.o
 .bss.level.1   0x0080014c        0x1 build/default/production/serial/serial.o
 .bss.scirbuf   0x0080014d       0x23 build/default/production/serial/serial.o
                0x0080014d                scirbuf
 .bss.direccion_ultimo_reporte.0
                0x00800170        0x1 build/default/production/main.o
 .bss.ENCODER_KRESOL
                0x00800171        0x4 build/default/production/main.o
                0x00800171                ENCODER_KRESOL
 .bss.enc_val   0x00800175        0x1 build/default/production/main.o
 .bss.send_recorrido_actual
                0x00800176        0x1 build/default/production/main.o
                0x00800176                send_recorrido_actual
 .bss.usb_send_intervalo_completo
                0x00800177        0x1 build/default/production/main.o
                0x00800177                usb_send_intervalo_completo
 .bss.usb_send_led_enlace
                0x00800178        0x1 build/default/production/main.o
                0x00800178                usb_send_led_enlace
 .bss.usb_send_motor
                0x00800179        0x1 build/default/production/main.o
                0x00800179                usb_send_motor
 .bss.usb_send_execution
                0x0080017a        0x1 build/default/production/main.o
                0x0080017a                usb_send_execution
 .bss.usb_send_selector
                0x0080017b        0x1 build/default/production/main.o
                0x0080017b                usb_send_selector
 .bss.control_recorrido
                0x0080017c        0x1 build/default/production/main.o
                0x0080017c                control_recorrido
 .bss.mainflag  0x0080017d        0x1 build/default/production/main.o
                0x0080017d                mainflag
 .bss.isr_flag  0x0080017e        0x1 build/default/production/main.o
                0x0080017e                isr_flag
 .bss.longitudArcoPorResolucion
                0x0080017f        0x4 build/default/production/main.o
                0x0080017f                longitudArcoPorResolucion
 .bss.encoder_PPR
                0x00800183        0x2 build/default/production/main.o
                0x00800183                encoder_PPR
 .bss.led_enlace
                0x00800185        0x2 build/default/production/main.o
                0x00800185                led_enlace
 .bss.motor     0x00800187        0x2 build/default/production/main.o
                0x00800187                motor
 .bss.execution
                0x00800189        0x2 build/default/production/main.o
                0x00800189                execution
 .bss.selector  0x0080018b        0x2 build/default/production/main.o
                0x0080018b                selector
 .bss.intervalo
                0x0080018d        0x4 build/default/production/main.o
                0x0080018d                intervalo
 .bss.recorrido_actual
                0x00800191        0x4 build/default/production/main.o
                0x00800191                recorrido_actual
 .bss.recorrido_total
                0x00800195        0x4 build/default/production/main.o
                0x00800195                recorrido_total
 .bss.enc_count
                0x00800199        0x4 build/default/production/main.o
                0x00800199                enc_count
 .bss.transmitiendo_intervalo
                0x0080019d        0x1 build/default/production/main.o
                0x0080019d                transmitiendo_intervalo
 .bss.pulsos_por_intervalo
                0x0080019e        0x4 build/default/production/main.o
                0x0080019e                pulsos_por_intervalo
 .bss.intervalo_actual_last
                0x008001a2        0x4 build/default/production/main.o
                0x008001a2                intervalo_actual_last
 .bss.enc_count_copy_from_ISR
                0x008001a6        0x4 build/default/production/main.o
                0x008001a6                enc_count_copy_from_ISR
 .bss.intervalo_actual_copy_from_ISR
                0x008001aa        0x4 build/default/production/main.o
                0x008001aa                intervalo_actual_copy_from_ISR
 .bss.enc_count_last
                0x008001ae        0x4 build/default/production/main.o
                0x008001ae                enc_count_last
 *(.gnu.linkonce.b*)
 *(COMMON)
                0x008001b2                        PROVIDE (__bss_end = .)
                0x000020d6                        __data_load_start = LOADADDR (.data)
                0x000020ea                        __data_load_end = (__data_load_start + SIZEOF (.data))

.noinit         0x008001b2        0x0
                [!provide]                        PROVIDE (__noinit_start = .)
 *(.noinit .noinit.* .gnu.linkonce.n.*)
                [!provide]                        PROVIDE (__noinit_end = .)
                0x008001b2                        _end = .
                [!provide]                        PROVIDE (__heap_start = .)
                0x00000000                        __flmap_init_label = DEFINED (__flmap_noinit_start)?__flmap_noinit_start:0x0
                0x00000000                        __flmap = DEFINED (__flmap)?__flmap:0x0

.eeprom         0x00810000        0x6
 *(.eeprom*)
 .eeprom        0x00810000        0x6 build/default/production/main.o
                0x00810000                EEMEM_longitudArcoPorResolucion
                0x00810004                EEMEM_encoder_PPR
                0x00810006                        __eeprom_end = .

.fuse
 *(.fuse)
 *(.lfuse)
 *(.hfuse)
 *(.efuse)

.lock
 *(.lock*)

.signature
 *(.signature*)

.stab
 *(.stab)

.stabstr
 *(.stabstr)

.stab.excl
 *(.stab.excl)

.stab.exclstr
 *(.stab.exclstr)

.stab.index
 *(.stab.index)

.stab.indexstr
 *(.stab.indexstr)

.comment        0x00000000       0x24
 *(.comment)
 .comment       0x00000000       0x24 build/default/production/indicator/indicator.o
                                 0x13 (size before relaxing)
 .comment       0x00000024        0x0 build/default/production/pinGetLevel/pinGetLevel.o
                                 0x13 (size before relaxing)
 .comment       0x00000024        0x0 build/default/production/rx_trama/rx_trama.o
                                 0x13 (size before relaxing)
 .comment       0x00000024        0x0 build/default/production/serial/serial.o
                                 0x13 (size before relaxing)
 .comment       0x00000024        0x0 build/default/production/usart/usart.o
                                 0x13 (size before relaxing)
 .comment       0x00000024        0x0 build/default/production/main.o
                                 0x13 (size before relaxing)
 .comment       0x00000024        0x0 /usr/lib/gcc/avr/16.1.0/../../../../avr/lib/avr5/libc.a(ftostrf.o)
                                 0x13 (size before relaxing)
 .comment       0x00000024        0x0 /usr/lib/gcc/avr/16.1.0/../../../../avr/lib/avr5/libc.a(strtof.o)
                                 0x13 (size before relaxing)
 .comment       0x00000024        0x0 /usr/lib/gcc/avr/16.1.0/../../../../avr/lib/avr5/libc.a(pwr_10.o)
                                 0x13 (size before relaxing)
 .comment       0x00000024        0x0 /usr/lib/gcc/avr/16.1.0/../../../../avr/lib/avr5/libc.a(errno.o)
                                 0x13 (size before relaxing)
 .comment       0x00000024        0x0 /usr/lib/gcc/avr/16.1.0/../../../../avr/lib/avr5/libc.a(ftoa_prf.o)
                                 0x13 (size before relaxing)
 .comment       0x00000024        0x0 /usr/lib/gcc/avr/16.1.0/../../../../avr/lib/avr5/libc.a(pstr_inf.o)
                                 0x13 (size before relaxing)

.note.gnu.avr.deviceinfo
                0x00000000       0x40
 .note.gnu.avr.deviceinfo
                0x00000000       0x40 /home/jcaf/.mchp_packs/Microchip/ATmega_DFP/3.5.296/gcc/dev/atmega328p/avr5/crtatmega328p.o

.gnu.build.attributes
 *(.gnu.build.attributes .gnu.build.attributes.*)

.note.gnu.build-id
 *(.note.gnu.build-id)

.debug
 *(.debug)

.line
 *(.line)

.debug_srcinfo
 *(.debug_srcinfo)

.debug_sfnames
 *(.debug_sfnames)

.debug_aranges  0x00000000       0xc0
 *(.debug_aranges)
 .debug_aranges
                0x00000000       0x20 /home/jcaf/.mchp_packs/Microchip/ATmega_DFP/3.5.296/gcc/dev/atmega328p/avr5/libatmega328p.a(eerd_dword.o)
 .debug_aranges
                0x00000020       0x20 /home/jcaf/.mchp_packs/Microchip/ATmega_DFP/3.5.296/gcc/dev/atmega328p/avr5/libatmega328p.a(eerd_word.o)
 .debug_aranges
                0x00000040       0x20 /home/jcaf/.mchp_packs/Microchip/ATmega_DFP/3.5.296/gcc/dev/atmega328p/avr5/libatmega328p.a(eeupd_dword.o)
 .debug_aranges
                0x00000060       0x20 /home/jcaf/.mchp_packs/Microchip/ATmega_DFP/3.5.296/gcc/dev/atmega328p/avr5/libatmega328p.a(eeupd_word.o)
 .debug_aranges
                0x00000080       0x20 /home/jcaf/.mchp_packs/Microchip/ATmega_DFP/3.5.296/gcc/dev/atmega328p/avr5/libatmega328p.a(eerd_block.o)
 .debug_aranges
                0x000000a0       0x20 /home/jcaf/.mchp_packs/Microchip/ATmega_DFP/3.5.296/gcc/dev/atmega328p/avr5/libatmega328p.a(eeupd_byte.o)

.debug_pubnames
 *(.debug_pubnames)

.debug_info     0x00000000      0x9d8
 *(.debug_info .gnu.linkonce.wi.*)
 .debug_info    0x00000000      0x5f4 /home/jcaf/.mchp_packs/Microchip/ATmega_DFP/3.5.296/gcc/dev/atmega328p/avr5/crtatmega328p.o
 .debug_info    0x000005f4       0xa6 /home/jcaf/.mchp_packs/Microchip/ATmega_DFP/3.5.296/gcc/dev/atmega328p/avr5/libatmega328p.a(eerd_dword.o)
 .debug_info    0x0000069a       0xa5 /home/jcaf/.mchp_packs/Microchip/ATmega_DFP/3.5.296/gcc/dev/atmega328p/avr5/libatmega328p.a(eerd_word.o)
 .debug_info    0x0000073f       0xa7 /home/jcaf/.mchp_packs/Microchip/ATmega_DFP/3.5.296/gcc/dev/atmega328p/avr5/libatmega328p.a(eeupd_dword.o)
 .debug_info    0x000007e6       0xa6 /home/jcaf/.mchp_packs/Microchip/ATmega_DFP/3.5.296/gcc/dev/atmega328p/avr5/libatmega328p.a(eeupd_word.o)
 .debug_info    0x0000088c       0xa6 /home/jcaf/.mchp_packs/Microchip/ATmega_DFP/3.5.296/gcc/dev/atmega328p/avr5/libatmega328p.a(eerd_block.o)
 .debug_info    0x00000932       0xa6 /home/jcaf/.mchp_packs/Microchip/ATmega_DFP/3.5.296/gcc/dev/atmega328p/avr5/libatmega328p.a(eeupd_byte.o)

.debug_abbrev   0x00000000      0x61a
 *(.debug_abbrev)
 .debug_abbrev  0x00000000      0x5a2 /home/jcaf/.mchp_packs/Microchip/ATmega_DFP/3.5.296/gcc/dev/atmega328p/avr5/crtatmega328p.o
 .debug_abbrev  0x000005a2       0x14 /home/jcaf/.mchp_packs/Microchip/ATmega_DFP/3.5.296/gcc/dev/atmega328p/avr5/libatmega328p.a(eerd_dword.o)
 .debug_abbrev  0x000005b6       0x14 /home/jcaf/.mchp_packs/Microchip/ATmega_DFP/3.5.296/gcc/dev/atmega328p/avr5/libatmega328p.a(eerd_word.o)
 .debug_abbrev  0x000005ca       0x14 /home/jcaf/.mchp_packs/Microchip/ATmega_DFP/3.5.296/gcc/dev/atmega328p/avr5/libatmega328p.a(eeupd_dword.o)
 .debug_abbrev  0x000005de       0x14 /home/jcaf/.mchp_packs/Microchip/ATmega_DFP/3.5.296/gcc/dev/atmega328p/avr5/libatmega328p.a(eeupd_word.o)
 .debug_abbrev  0x000005f2       0x14 /home/jcaf/.mchp_packs/Microchip/ATmega_DFP/3.5.296/gcc/dev/atmega328p/avr5/libatmega328p.a(eerd_block.o)
 .debug_abbrev  0x00000606       0x14 /home/jcaf/.mchp_packs/Microchip/ATmega_DFP/3.5.296/gcc/dev/atmega328p/avr5/libatmega328p.a(eeupd_byte.o)

.debug_line     0x00000000      0x441
 *(.debug_line .debug_line.* .debug_line_end)
 .debug_line    0x00000000      0x134 /home/jcaf/.mchp_packs/Microchip/ATmega_DFP/3.5.296/gcc/dev/atmega328p/avr5/crtatmega328p.o
 .debug_line    0x00000134       0x68 /home/jcaf/.mchp_packs/Microchip/ATmega_DFP/3.5.296/gcc/dev/atmega328p/avr5/libatmega328p.a(eerd_dword.o)
 .debug_line    0x0000019c       0x67 /home/jcaf/.mchp_packs/Microchip/ATmega_DFP/3.5.296/gcc/dev/atmega328p/avr5/libatmega328p.a(eerd_word.o)
 .debug_line    0x00000203       0x7b /home/jcaf/.mchp_packs/Microchip/ATmega_DFP/3.5.296/gcc/dev/atmega328p/avr5/libatmega328p.a(eeupd_dword.o)
 .debug_line    0x0000027e       0x62 /home/jcaf/.mchp_packs/Microchip/ATmega_DFP/3.5.296/gcc/dev/atmega328p/avr5/libatmega328p.a(eeupd_word.o)
 .debug_line    0x000002e0       0xab /home/jcaf/.mchp_packs/Microchip/ATmega_DFP/3.5.296/gcc/dev/atmega328p/avr5/libatmega328p.a(eerd_block.o)
 .debug_line    0x0000038b       0xb6 /home/jcaf/.mchp_packs/Microchip/ATmega_DFP/3.5.296/gcc/dev/atmega328p/avr5/libatmega328p.a(eeupd_byte.o)

.debug_frame
 *(.debug_frame)

.debug_str      0x00000000      0x208
 *(.debug_str)
 .debug_str     0x00000000      0x208 /home/jcaf/.mchp_packs/Microchip/ATmega_DFP/3.5.296/gcc/dev/atmega328p/avr5/crtatmega328p.o

.debug_loc
 *(.debug_loc)

.debug_macinfo
 *(.debug_macinfo)

.debug_weaknames
 *(.debug_weaknames)

.debug_funcnames
 *(.debug_funcnames)

.debug_typenames
 *(.debug_typenames)

.debug_varnames
 *(.debug_varnames)

.debug_pubtypes
 *(.debug_pubtypes)

.debug_ranges
 *(.debug_ranges)

.debug_addr
 *(.debug_addr)

.debug_line_str
 *(.debug_line_str)

.debug_loclists
 *(.debug_loclists)

.debug_macro
 *(.debug_macro)

.debug_names
 *(.debug_names)

.debug_rnglists
 *(.debug_rnglists)

.debug_str_offsets
 *(.debug_str_offsets)

.debug_sup
 *(.debug_sup)
OUTPUT(dist/default/production/SistemaDieJunio2026.X.production.elf elf32-avr)
LOAD linker stubs
